c22f71b5178fb2e2000607ee835be3592831531b2211c616b773569a43a2c718  tests/antiparalel_wireframe.png.converted
