c8a8dcf98ec7ba4c227466bdbb373457b7b91ccebbb4cdf3292d8b2b9991b385  tests/depict_helix.png.converted
