e6c3b1ef76485ecf324a82dff23b58be7254ae2c5505cea41210053571b788c0  tests/depict_sheets.png.converted
