5f9f1b304d65624615ac0d8e0df3e429ffdafcfbbc2ec0401ecb1675aaa7c869  tests/depict_both.png.converted
