fdffb471ca78564275b52ed8c49f059b3d7bf772b060b48af14491034bb83d83  tests/helix_wireframe.png.converted
