31f9f81f7310e6d7db46a73a532405a8c295469f1314be40b5ae6b087f3114e2  tests/one_helix_with_options.png.converted
