Value for the -r option must be written in a file
