e3dc0e9c59b63e6dc78c484547649fce2a26ad1ab97fdbe13770dcf1ebbca290  tests/rotation_works.png.converted
