Wrong comand format.
Use grep "^# USAGE" -A 2 pdbx-draw-secondary to see correct format
